Release 14.7 - xst P.20131013 (nt64)
Copyright (c) 1995-2013 Xilinx, Inc.  All rights reserved.
--> Parameter TMPDIR set to xst/projnav.tmp


Total REAL time to Xst completion: 0.00 secs
Total CPU time to Xst completion: 0.17 secs
 
--> Parameter xsthdpdir set to xst


Total REAL time to Xst completion: 0.00 secs
Total CPU time to Xst completion: 0.17 secs
 
--> Reading design: top_module.prj

TABLE OF CONTENTS
  1) Synthesis Options Summary
  2) HDL Compilation
  3) Design Hierarchy Analysis
  4) HDL Analysis
  5) HDL Synthesis
     5.1) HDL Synthesis Report
  6) Advanced HDL Synthesis
     6.1) Advanced HDL Synthesis Report
  7) Low Level Synthesis
  8) Partition Report
  9) Final Report
	9.1) Device utilization summary
	9.2) Partition Resource Summary
	9.3) TIMING REPORT


=========================================================================
*                      Synthesis Options Summary                        *
=========================================================================
---- Source Parameters
Input File Name                    : "top_module.prj"
Input Format                       : mixed
Ignore Synthesis Constraint File   : NO

---- Target Parameters
Output File Name                   : "top_module"
Output Format                      : NGC
Target Device                      : xc3s100e-4-cp132

---- Source Options
Top Module Name                    : top_module
Automatic FSM Extraction           : YES
FSM Encoding Algorithm             : Auto
Safe Implementation                : No
FSM Style                          : LUT
RAM Extraction                     : Yes
RAM Style                          : Auto
ROM Extraction                     : Yes
Mux Style                          : Auto
Decoder Extraction                 : YES
Priority Encoder Extraction        : Yes
Shift Register Extraction          : YES
Logical Shifter Extraction         : YES
XOR Collapsing                     : YES
ROM Style                          : Auto
Mux Extraction                     : Yes
Resource Sharing                   : YES
Asynchronous To Synchronous        : NO
Multiplier Style                   : Auto
Automatic Register Balancing       : No

---- Target Options
Add IO Buffers                     : YES
Global Maximum Fanout              : 100000
Add Generic Clock Buffer(BUFG)     : 24
Register Duplication               : YES
Slice Packing                      : YES
Optimize Instantiated Primitives   : NO
Use Clock Enable                   : Yes
Use Synchronous Set                : Yes
Use Synchronous Reset              : Yes
Pack IO Registers into IOBs        : Auto
Equivalent register Removal        : YES

---- General Options
Optimization Goal                  : Speed
Optimization Effort                : 1
Keep Hierarchy                     : No
Netlist Hierarchy                  : As_Optimized
RTL Output                         : Yes
Global Optimization                : AllClockNets
Read Cores                         : YES
Write Timing Constraints           : NO
Cross Clock Analysis               : NO
Hierarchy Separator                : /
Bus Delimiter                      : <>
Case Specifier                     : Maintain
Slice Utilization Ratio            : 100
BRAM Utilization Ratio             : 100
Verilog 2001                       : YES
Auto BRAM Packing                  : NO
Slice Utilization Ratio Delta      : 5

=========================================================================


=========================================================================
*                          HDL Compilation                              *
=========================================================================
WARNING:HDLParsers:3607 - Unit work/top_module is now defined in a different file.  It was defined in "D:/Elektronika/Repozytoria/GitHub/hardware/spartan-3-vga-controller/vga-controller/top_module.vhd", and is now defined in "D:/Elektronika/Repozytoria/GitHub/hardware/spartan-3-vga-controller/top_module.vhd".
WARNING:HDLParsers:3607 - Unit work/top_module/Structural is now defined in a different file.  It was defined in "D:/Elektronika/Repozytoria/GitHub/hardware/spartan-3-vga-controller/vga-controller/top_module.vhd", and is now defined in "D:/Elektronika/Repozytoria/GitHub/hardware/spartan-3-vga-controller/top_module.vhd".
WARNING:HDLParsers:3607 - Unit work/ButtonCtrl is now defined in a different file.  It was defined in "D:/Elektronika/Repozytoria/GitHub/hardware/spartan-3-vga-controller/vga-controller/ButtonCtrl.vhd", and is now defined in "D:/Elektronika/Repozytoria/GitHub/hardware/spartan-3-vga-controller/ButtonCtrl.vhd".
WARNING:HDLParsers:3607 - Unit work/ButtonCtrl/Behavioral is now defined in a different file.  It was defined in "D:/Elektronika/Repozytoria/GitHub/hardware/spartan-3-vga-controller/vga-controller/ButtonCtrl.vhd", and is now defined in "D:/Elektronika/Repozytoria/GitHub/hardware/spartan-3-vga-controller/ButtonCtrl.vhd".
WARNING:HDLParsers:3607 - Unit work/DispCtrl is now defined in a different file.  It was defined in "D:/Elektronika/Repozytoria/GitHub/hardware/spartan-3-vga-controller/vga-controller/DispCtrl.vhd", and is now defined in "D:/Elektronika/Repozytoria/GitHub/hardware/spartan-3-vga-controller/DispCtrl.vhd".
WARNING:HDLParsers:3607 - Unit work/DispCtrl/Behavioral is now defined in a different file.  It was defined in "D:/Elektronika/Repozytoria/GitHub/hardware/spartan-3-vga-controller/vga-controller/DispCtrl.vhd", and is now defined in "D:/Elektronika/Repozytoria/GitHub/hardware/spartan-3-vga-controller/DispCtrl.vhd".
Compiling vhdl file "D:/Elektronika/Repozytoria/GitHub/hardware/spartan-3-vga-controller/DispCtrl.vhd" in Library work.
Architecture behavioral of Entity dispctrl is up to date.
Compiling vhdl file "D:/Elektronika/Repozytoria/GitHub/hardware/spartan-3-vga-controller/ButtonCtrl.vhd" in Library work.
Architecture behavioral of Entity buttonctrl is up to date.
Compiling vhdl file "D:/Elektronika/Repozytoria/GitHub/hardware/spartan-3-vga-controller/top_module.vhd" in Library work.
Architecture structural of Entity top_module is up to date.

=========================================================================
*                     Design Hierarchy Analysis                         *
=========================================================================
Analyzing hierarchy for entity <top_module> in library <work> (architecture <structural>).

Analyzing hierarchy for entity <DispCtrl> in library <work> (architecture <behavioral>).

Analyzing hierarchy for entity <ButtonCtrl> in library <work> (architecture <behavioral>).


=========================================================================
*                            HDL Analysis                               *
=========================================================================
Analyzing Entity <top_module> in library <work> (Architecture <structural>).
Entity <top_module> analyzed. Unit <top_module> generated.

Analyzing Entity <DispCtrl> in library <work> (Architecture <behavioral>).
Entity <DispCtrl> analyzed. Unit <DispCtrl> generated.

Analyzing Entity <ButtonCtrl> in library <work> (Architecture <behavioral>).
Entity <ButtonCtrl> analyzed. Unit <ButtonCtrl> generated.


=========================================================================
*                           HDL Synthesis                               *
=========================================================================

Performing bidirectional port resolution...

Synthesizing Unit <DispCtrl>.
    Related source file is "D:/Elektronika/Repozytoria/GitHub/hardware/spartan-3-vga-controller/DispCtrl.vhd".
WARNING:Xst:647 - Input <x> is never used. This port will be preserved and left unconnected if it belongs to a top-level block or it belongs to a sub-block and the hierarchy of this sub-block is preserved.
WARNING:Xst:647 - Input <y> is never used. This port will be preserved and left unconnected if it belongs to a top-level block or it belongs to a sub-block and the hierarchy of this sub-block is preserved.
    Found 1-bit register for signal <ck25MHz>.
    Found 10-bit comparator less for signal <color$cmp_lt0000> created at line 78.
    Found 10-bit comparator less for signal <color$cmp_lt0001> created at line 78.
    Found 10-bit comparator less for signal <color$cmp_lt0002> created at line 79.
    Found 10-bit comparator less for signal <color$cmp_lt0003> created at line 80.
    Found 10-bit comparator greatequal for signal <HS$cmp_ge0000> created at line 47.
    Found 10-bit comparator less for signal <HS$cmp_lt0000> created at line 47.
    Found 10-bit up counter for signal <intHcnt>.
    Found 10-bit up counter for signal <intVcnt>.
    Found 10-bit comparator greatequal for signal <VS$cmp_ge0000> created at line 50.
    Found 10-bit comparator less for signal <VS$cmp_lt0000> created at line 50.
    Summary:
	inferred   2 Counter(s).
	inferred   1 D-type flip-flop(s).
	inferred   8 Comparator(s).
Unit <DispCtrl> synthesized.


Synthesizing Unit <ButtonCtrl>.
    Related source file is "D:/Elektronika/Repozytoria/GitHub/hardware/spartan-3-vga-controller/ButtonCtrl.vhd".
WARNING:Xst:647 - Input <btn> is never used. This port will be preserved and left unconnected if it belongs to a top-level block or it belongs to a sub-block and the hierarchy of this sub-block is preserved.
WARNING:Xst:647 - Input <sw> is never used. This port will be preserved and left unconnected if it belongs to a top-level block or it belongs to a sub-block and the hierarchy of this sub-block is preserved.
Unit <ButtonCtrl> synthesized.


Synthesizing Unit <top_module>.
    Related source file is "D:/Elektronika/Repozytoria/GitHub/hardware/spartan-3-vga-controller/top_module.vhd".
WARNING:Xst:1780 - Signal <ck50MHz> is never used or assigned. This unconnected signal will be trimmed during the optimization process.
Unit <top_module> synthesized.


=========================================================================
HDL Synthesis Report

Macro Statistics
# Counters                                             : 2
 10-bit up counter                                     : 2
# Registers                                            : 1
 1-bit register                                        : 1
# Comparators                                          : 8
 10-bit comparator greatequal                          : 2
 10-bit comparator less                                : 6

=========================================================================

=========================================================================
*                       Advanced HDL Synthesis                          *
=========================================================================

WARNING:Xst:1290 - Hierarchical block <ButtonCtrlInst> is unconnected in block <top_module>.
   It will be removed from the design.

=========================================================================
Advanced HDL Synthesis Report

Macro Statistics
# Counters                                             : 2
 10-bit up counter                                     : 2
# Registers                                            : 1
 Flip-Flops                                            : 1
# Comparators                                          : 8
 10-bit comparator greatequal                          : 2
 10-bit comparator less                                : 6

=========================================================================

=========================================================================
*                         Low Level Synthesis                           *
=========================================================================

Optimizing unit <top_module> ...

Optimizing unit <DispCtrl> ...

Mapping all equations...
Building and optimizing final netlist ...
Found area constraint ratio of 100 (+ 5) on block top_module, actual ratio is 2.

Final Macro Processing ...

=========================================================================
Final Register Report

Macro Statistics
# Registers                                            : 21
 Flip-Flops                                            : 21

=========================================================================

=========================================================================
*                           Partition Report                            *
=========================================================================

Partition Implementation Status
-------------------------------

  No Partitions were found in this design.

-------------------------------

=========================================================================
*                            Final Report                               *
=========================================================================
Final Results
RTL Top Level Output File Name     : top_module.ngr
Top Level Output File Name         : top_module
Output Format                      : NGC
Optimization Goal                  : Speed
Keep Hierarchy                     : No

Design Statistics
# IOs                              : 23

Cell Usage :
# BELS                             : 79
#      GND                         : 1
#      INV                         : 2
#      LUT1                        : 18
#      LUT2                        : 1
#      LUT3                        : 2
#      LUT4                        : 12
#      LUT4_D                      : 1
#      LUT4_L                      : 1
#      MUXCY                       : 18
#      MUXF5                       : 2
#      VCC                         : 1
#      XORCY                       : 20
# FlipFlops/Latches                : 21
#      FDR                         : 11
#      FDRE                        : 10
# Clock Buffers                    : 2
#      BUFG                        : 1
#      BUFGP                       : 1
# IO Buffers                       : 10
#      OBUF                        : 10
=========================================================================

Device utilization summary:
---------------------------

Selected Device : 3s100ecp132-4 

 Number of Slices:                       20  out of    960     2%  
 Number of Slice Flip Flops:             21  out of   1920     1%  
 Number of 4 input LUTs:                 37  out of   1920     1%  
 Number of IOs:                          23
 Number of bonded IOBs:                  11  out of     83    13%  
 Number of GCLKs:                         2  out of     24     8%  

---------------------------
Partition Resource Summary:
---------------------------

  No Partitions were found in this design.

---------------------------


=========================================================================
TIMING REPORT

NOTE: THESE TIMING NUMBERS ARE ONLY A SYNTHESIS ESTIMATE.
      FOR ACCURATE TIMING INFORMATION PLEASE REFER TO THE TRACE REPORT
      GENERATED AFTER PLACE-and-ROUTE.

Clock Information:
------------------
-----------------------------------+------------------------+-------+
Clock Signal                       | Clock buffer(FF name)  | Load  |
-----------------------------------+------------------------+-------+
DispCtrlInst/ck25MHz1              | BUFG                   | 20    |
mclk                               | BUFGP                  | 1     |
-----------------------------------+------------------------+-------+

Asynchronous Control Signals Information:
----------------------------------------
No asynchronous control signals found in this design

Timing Summary:
---------------
Speed Grade: -4

   Minimum period: 5.677ns (Maximum Frequency: 176.149MHz)
   Minimum input arrival time before clock: No path found
   Maximum output required time after clock: 7.270ns
   Maximum combinational path delay: No path found

Timing Detail:
--------------
All values displayed in nanoseconds (ns)

=========================================================================
Timing constraint: Default period analysis for Clock 'DispCtrlInst/ck25MHz1'
  Clock period: 5.677ns (frequency: 176.149MHz)
  Total number of paths / destination ports: 510 / 50
-------------------------------------------------------------------------
Delay:               5.677ns (Levels of Logic = 3)
  Source:            DispCtrlInst/intHcnt_1 (FF)
  Destination:       DispCtrlInst/intVcnt_9 (FF)
  Source Clock:      DispCtrlInst/ck25MHz1 rising
  Destination Clock: DispCtrlInst/ck25MHz1 rising

  Data Path: DispCtrlInst/intHcnt_1 to DispCtrlInst/intVcnt_9
                                Gate     Net
    Cell:in->out      fanout   Delay   Delay  Logical Name (Net Name)
    ----------------------------------------  ------------
     FDR:C->Q              2   0.591   0.622  DispCtrlInst/intHcnt_1 (DispCtrlInst/intHcnt_1)
     LUT4_D:I0->O          1   0.704   0.455  DispCtrlInst/intVcnt_and000017 (DispCtrlInst/intVcnt_and000017)
     LUT4_L:I2->LO         1   0.704   0.104  DispCtrlInst/intVcnt_and0000127 (DispCtrlInst/intHcnt_cmp_eq0000)
     LUT4:I3->O           10   0.704   0.882  DispCtrlInst/intVcnt_and000048 (DispCtrlInst/intVcnt_and0000)
     FDRE:R                    0.911          DispCtrlInst/intVcnt_0
    ----------------------------------------
    Total                      5.677ns (3.614ns logic, 2.063ns route)
                                       (63.7% logic, 36.3% route)

=========================================================================
Timing constraint: Default period analysis for Clock 'mclk'
  Clock period: 1.949ns (frequency: 513.084MHz)
  Total number of paths / destination ports: 1 / 1
-------------------------------------------------------------------------
Delay:               1.949ns (Levels of Logic = 0)
  Source:            DispCtrlInst/ck25MHz (FF)
  Destination:       DispCtrlInst/ck25MHz (FF)
  Source Clock:      mclk rising
  Destination Clock: mclk rising

  Data Path: DispCtrlInst/ck25MHz to DispCtrlInst/ck25MHz
                                Gate     Net
    Cell:in->out      fanout   Delay   Delay  Logical Name (Net Name)
    ----------------------------------------  ------------
     FDR:C->Q              2   0.591   0.447  DispCtrlInst/ck25MHz (DispCtrlInst/ck25MHz1)
     FDR:R                     0.911          DispCtrlInst/ck25MHz
    ----------------------------------------
    Total                      1.949ns (1.502ns logic, 0.447ns route)
                                       (77.1% logic, 22.9% route)

=========================================================================
Timing constraint: Default OFFSET OUT AFTER for Clock 'DispCtrlInst/ck25MHz1'
  Total number of paths / destination ports: 79 / 10
-------------------------------------------------------------------------
Offset:              7.270ns (Levels of Logic = 3)
  Source:            DispCtrlInst/intVcnt_9 (FF)
  Destination:       OutRed<2> (PAD)
  Source Clock:      DispCtrlInst/ck25MHz1 rising

  Data Path: DispCtrlInst/intVcnt_9 to OutRed<2>
                                Gate     Net
    Cell:in->out      fanout   Delay   Delay  Logical Name (Net Name)
    ----------------------------------------  ------------
     FDRE:C->Q             4   0.591   0.762  DispCtrlInst/intVcnt_9 (DispCtrlInst/intVcnt_9)
     LUT4:I0->O            3   0.704   0.706  DispCtrlInst/color<1>31 (DispCtrlInst/N7)
     LUT4:I0->O            3   0.704   0.531  DispCtrlInst/color<6>1 (OutRed_0_OBUF)
     OBUF:I->O                 3.272          OutRed_2_OBUF (OutRed<2>)
    ----------------------------------------
    Total                      7.270ns (5.271ns logic, 1.999ns route)
                                       (72.5% logic, 27.5% route)

=========================================================================


Total REAL time to Xst completion: 4.00 secs
Total CPU time to Xst completion: 4.13 secs
 
--> 

Total memory usage is 4530660 kilobytes

Number of errors   :    0 (   0 filtered)
Number of warnings :   12 (   0 filtered)
Number of infos    :    0 (   0 filtered)

