EN buttonctrl NULL D:/Elektronika/Repozytoria/GitHub/hardware/spartan-3-vga-controller/ButtonCtrl.vhd sub00/vhpl04 1790373809
EN dispctrl NULL D:/Elektronika/Repozytoria/GitHub/hardware/spartan-3-vga-controller/DispCtrl.vhd sub00/vhpl01 1790373807
EN top_module NULL D:/Elektronika/Repozytoria/GitHub/hardware/spartan-3-vga-controller/top_module.vhd sub00/vhpl00 1790373811
AR top_module structural D:/Elektronika/Repozytoria/GitHub/hardware/spartan-3-vga-controller/top_module.vhd sub00/vhpl03 1790373812
AR dispctrl behavioral D:/Elektronika/Repozytoria/GitHub/hardware/spartan-3-vga-controller/DispCtrl.vhd sub00/vhpl02 1790373808
AR buttonctrl behavioral D:/Elektronika/Repozytoria/GitHub/hardware/spartan-3-vga-controller/ButtonCtrl.vhd sub00/vhpl05 1790373810
